// Jest Snapshot v1, https://goo.gl/fbAQLP

exports[`create:from-dynamodb creates all files when table-file-name is not specified 1`] = `"<?xml version="1.0" encoding="UTF-8"?><sitemapindex xmlns="http://www.sitemaps.org/schemas/sitemap/0.9"><sitemap><loc>https://www.example.com/sitemaps/widget-00001.xml</loc><lastmod>2021-01-01T00:00:00.000Z</lastmod></sitemap><sitemap><loc>https://www.example.com/sitemaps/widget-00002.xml</loc><lastmod>2021-01-01T00:00:00.000Z</lastmod></sitemap><sitemap><loc>https://www.example.com/sitemaps/widget-00003.xml</loc><lastmod>2021-01-01T00:00:00.000Z</lastmod></sitemap><sitemap><loc>https://www.example.com/sitemaps/widget-00004.xml</loc><lastmod>2021-01-01T00:00:00.000Z</lastmod></sitemap><sitemap><loc>https://www.example.com/sitemaps/widget-00005.xml</loc><lastmod>2021-01-01T00:00:00.000Z</lastmod></sitemap></sitemapindex>"`;

exports[`create:from-dynamodb creates all files when table-file-name is not specified 2`] = `"<?xml version="1.0" encoding="UTF-8"?><urlset xmlns="http://www.sitemaps.org/schemas/sitemap/0.9" xmlns:news="http://www.google.com/schemas/sitemap-news/0.9" xmlns:xhtml="http://www.w3.org/1999/xhtml" xmlns:image="http://www.google.com/schemas/sitemap-image/1.1" xmlns:video="http://www.google.com/schemas/sitemap-video/1.1"><url><loc>https://www.example.com/widgets/widget-for-sale-5000.html</loc><lastmod>2021-01-01T00:00:00.000Z</lastmod></url><url><loc>https://www.example.com/widgets/widget-for-sale-5001.html</loc><lastmod>2021-01-01T00:00:00.000Z</lastmod></url><url><loc>https://www.example.com/widgets/widget-for-sale-5002.html</loc><lastmod>2021-01-01T00:00:00.000Z</lastmod></url><url><loc>https://www.example.com/widgets/widget-for-sale-5003.html</loc><lastmod>2021-01-01T00:00:00.000Z</lastmod></url><url><loc>https://www.example.com/widgets/widget-for-sale-5004.html</loc><lastmod>2021-01-01T00:00:00.000Z</lastmod></url><url><loc>https://www.example.com/widgets/widget-for-sale-5005.html</loc><lastmod>2021-01-01T00:00:00.000Z</lastmod></url><url><loc>https://www.example.com/widgets/widget-for-sale-5006.html</loc><lastmod>2021-01-01T00:00:00.000Z</lastmod></url><url><loc>https://www.example.com/widgets/widget-for-sale-5007.html</loc><lastmod>2021-01-01T00:00:00.000Z</lastmod></url><url><loc>https://www.example.com/widgets/widget-for-sale-5008.html</loc><lastmod>2021-01-01T00:00:00.000Z</lastmod></url><url><loc>https://www.example.com/widgets/widget-for-sale-5009.html</loc><lastmod>2021-01-01T00:00:00.000Z</lastmod></url><url><loc>https://www.example.com/widgets/widget-for-sale-5010.html</loc><lastmod>2021-01-01T00:00:00.000Z</lastmod></url><url><loc>https://www.example.com/widgets/widget-for-sale-5011.html</loc><lastmod>2021-01-01T00:00:00.000Z</lastmod></url><url><loc>https://www.example.com/widgets/widget-for-sale-5012.html</loc><lastmod>2021-01-01T00:00:00.000Z</lastmod></url><url><loc>https://www.example.com/widgets/widget-for-sale-5013.html</loc><lastmod>2021-01-01T00:00:00.000Z</lastmod></url><url><loc>https://www.example.com/widgets/widget-for-sale-5014.html</loc><lastmod>2021-01-01T00:00:00.000Z</lastmod></url><url><loc>https://www.example.com/widgets/widget-for-sale-5015.html</loc><lastmod>2021-01-01T00:00:00.000Z</lastmod></url><url><loc>https://www.example.com/widgets/widget-for-sale-5016.html</loc><lastmod>2021-01-01T00:00:00.000Z</lastmod></url></urlset>"`;

exports[`create:from-dynamodb creates index with all files but no sitemaps 1`] = `"<?xml version="1.0" encoding="UTF-8"?><sitemapindex xmlns="http://www.sitemaps.org/schemas/sitemap/0.9"><sitemap><loc>https://www.example.com/sitemaps/widget-00001.xml</loc><lastmod>2021-01-01T00:00:00.000Z</lastmod></sitemap><sitemap><loc>https://www.example.com/sitemaps/widget-00002.xml</loc><lastmod>2021-01-01T00:00:00.000Z</lastmod></sitemap><sitemap><loc>https://www.example.com/sitemaps/widget-00003.xml</loc><lastmod>2021-01-01T00:00:00.000Z</lastmod></sitemap><sitemap><loc>https://www.example.com/sitemaps/widget-00004.xml</loc><lastmod>2021-01-01T00:00:00.000Z</lastmod></sitemap><sitemap><loc>https://www.example.com/sitemaps/widget-00005.xml</loc><lastmod>2021-01-01T00:00:00.000Z</lastmod></sitemap></sitemapindex>"`;
