// Jest Snapshot v1, https://goo.gl/fbAQLP

exports[`SitemapFileWrapper counts size correctly - compressed 1`] = `"<?xml version="1.0" encoding="UTF-8"?><urlset xmlns="http://www.sitemaps.org/schemas/sitemap/0.9" xmlns:news="http://www.google.com/schemas/sitemap-news/0.9" xmlns:xhtml="http://www.w3.org/1999/xhtml" xmlns:image="http://www.google.com/schemas/sitemap-image/1.1" xmlns:video="http://www.google.com/schemas/sitemap-video/1.1"><url><loc>https://www.example.com/some/path/1</loc><image:image><image:loc>https://www.example.com/some/img/path1</image:loc><image:caption>some str with multi-byte utf-8 codepoint Á</image:caption></image:image></url><url><loc>https://www.example.com/some/path/2</loc><image:image><image:loc>https://www.example.com/some/img/path2</image:loc><image:caption>some str with multi-byte utf-8 codepoint Á</image:caption></image:image></url><url><loc>https://www.example.com/some/path/3</loc><image:image><image:loc>https://www.example.com/some/img/path3</image:loc><image:caption>some str with multi-byte utf-8 codepoint Á</image:caption></image:image></url><url><loc>https://www"`;

exports[`SitemapFileWrapper counts size correctly - uncompressed 1`] = `"<?xml version="1.0" encoding="UTF-8"?><urlset xmlns="http://www.sitemaps.org/schemas/sitemap/0.9" xmlns:news="http://www.google.com/schemas/sitemap-news/0.9" xmlns:xhtml="http://www.w3.org/1999/xhtml" xmlns:image="http://www.google.com/schemas/sitemap-image/1.1" xmlns:video="http://www.google.com/schemas/sitemap-video/1.1"><url><loc>https://www.example.com/some/path/1</loc><image:image><image:loc>https://www.example.com/some/img/path1</image:loc><image:caption>some str with multi-byte utf-8 codepoint Á</image:caption></image:image></url><url><loc>https://www.example.com/some/path/2</loc><image:image><image:loc>https://www.example.com/some/img/path2</image:loc><image:caption>some str with multi-byte utf-8 codepoint Á</image:caption></image:image></url><url><loc>https://www.example.com/some/path/3</loc><image:image><image:loc>https://www.example.com/some/img/path3</image:loc><image:caption>some str with multi-byte utf-8 codepoint Á</image:caption></image:image></url><url><loc>https://www"`;

exports[`SitemapFileWrapper writes correctly - existing file from s3: end of file 1`] = `"th/second-11927</loc></url><url><loc>https://www.example.com/some/path/second-11928</loc></url><url><loc>https://www.example.com/some/path/second-11929</loc></url><url><loc>https://www.example.com/some/path/second-11930</loc></url><url><loc>https://www.example.com/some/path/second-11931</loc></url><url><loc>https://www.example.com/some/path/second-11932</loc></url><url><loc>https://www.example.com/some/path/second-11933</loc></url><url><loc>https://www.example.com/some/path/second-11934</loc></url><url><loc>https://www.example.com/some/path/second-11935</loc></url><url><loc>https://www.example.com/some/path/second-11936</loc></url><url><loc>https://www.example.com/some/path/second-11937</loc></url><url><loc>https://www.example.com/some/path/second-11938</loc></url><url><loc>https://www.example.com/some/path/second-11939</loc></url><url><loc>https://www.example.com/some/path/second-11940</loc></url><url><loc>https://www.example.com/some/path/second-11941</loc></url><url><loc>https://www.example.com/some/path/second-11942</loc></url><url><loc>https://www.example.com/some/path/second-11943</loc></url><url><loc>https://www.example.com/some/path/second-11944</loc></url><url><loc>https://www.example.com/some/path/second-11945</loc></url><url><loc>https://www.example.com/some/path/second-11946</loc></url><url><loc>https://www.example.com/some/path/second-11947</loc></url><url><loc>https://www.example.com/some/path/second-11948</loc></url><url><loc>https://www.example.com/some/path/second-11949</loc></url><url><loc>https://www.example.com/some/path/second-11950</loc></url><url><loc>https://www.example.com/some/path/second-11951</loc></url><url><loc>https://www.example.com/some/path/second-11952</loc></url><url><loc>https://www.example.com/some/path/second-11953</loc></url><url><loc>https://www.example.com/some/path/second-11954</loc></url><url><loc>https://www.example.com/some/path/second-11955</loc></url><url><loc>https://www.example.com/some/path/second-11956</loc></url><url><loc>https://www.example.com/some/path/second-11957</loc></url><url><loc>https://www.example.com/some/path/second-11958</loc></url><url><loc>https://www.example.com/some/path/second-11959</loc></url><url><loc>https://www.example.com/some/path/second-11960</loc></url><url><loc>https://www.example.com/some/path/second-11961</loc></url><url><loc>https://www.example.com/some/path/second-11962</loc></url><url><loc>https://www.example.com/some/path/second-11963</loc></url><url><loc>https://www.example.com/some/path/second-11964</loc></url><url><loc>https://www.example.com/some/path/second-11965</loc></url><url><loc>https://www.example.com/some/path/second-11966</loc></url><url><loc>https://www.example.com/some/path/second-11967</loc></url><url><loc>https://www.example.com/some/path/second-11968</loc></url><url><loc>https://www.example.com/some/path/second-11969</loc></url><url><loc>https://www.example.com/some/path/second-11970</loc></url><url><loc>https://www.example.com/some/path/second-11971</loc></url><url><loc>https://www.example.com/some/path/second-11972</loc></url><url><loc>https://www.example.com/some/path/second-11973</loc></url><url><loc>https://www.example.com/some/path/second-11974</loc></url><url><loc>https://www.example.com/some/path/second-11975</loc></url><url><loc>https://www.example.com/some/path/second-11976</loc></url><url><loc>https://www.example.com/some/path/second-11977</loc></url><url><loc>https://www.example.com/some/path/second-11978</loc></url><url><loc>https://www.example.com/some/path/second-11979</loc></url><url><loc>https://www.example.com/some/path/second-11980</loc></url><url><loc>https://www.example.com/some/path/second-11981</loc></url><url><loc>https://www.example.com/some/path/second-11982</loc></url><url><loc>https://www.example.com/some/path/second-11983</loc></url><url><loc>https://www.example.com/some/path/second-11984</loc></url><url><loc>https://www.example.com/some/path/second-11985</loc></url><url><loc>https://www.example.com/some/path/second-11986</loc></url><url><loc>https://www.example.com/some/path/second-11987</loc></url><url><loc>https://www.example.com/some/path/second-11988</loc></url><url><loc>https://www.example.com/some/path/second-11989</loc></url><url><loc>https://www.example.com/some/path/second-11990</loc></url><url><loc>https://www.example.com/some/path/second-11991</loc></url><url><loc>https://www.example.com/some/path/second-11992</loc></url><url><loc>https://www.example.com/some/path/second-11993</loc></url><url><loc>https://www.example.com/some/path/second-11994</loc></url><url><loc>https://www.example.com/some/path/second-11995</loc></url><url><loc>https://www.example.com/some/path/second-11996</loc></url><url><loc>https://www.example.com/some/path/second-11997</loc></url><url><loc>https://www.example.com/some/path/second-11998</loc></url><url><loc>https://www.example.com/some/path/second-11999</loc></url><url><loc>https://www.example.com/some/path/second-12000</loc></url></urlset>"`;

exports[`SitemapFileWrapper writes correctly - existing file from s3: start of file 1`] = `"<?xml version="1.0" encoding="UTF-8"?><urlset xmlns="http://www.sitemaps.org/schemas/sitemap/0.9" xmlns:news="http://www.google.com/schemas/sitemap-news/0.9" xmlns:xhtml="http://www.w3.org/1999/xhtml" xmlns:image="http://www.google.com/schemas/sitemap-image/1.1" xmlns:video="http://www.google.com/schemas/sitemap-video/1.1"><url><loc>https://www.example.com/some/path/first-1</loc></url><url><loc>https://www.example.com/some/path/first-2</loc></url><url><loc>https://www.example.com/some/path/first-3</loc></url><url><loc>https://www.example.com/some/path/first-4</loc></url><url><loc>https://www.example.com/some/path/first-5</loc></url><url><loc>https://www.example.com/some/path/first-6</loc></url><url><loc>https://www.example.com/some/path/first-7</loc></url><url><loc>https://www.example.com/some/path/first-8</loc></url><url><loc>https://www.example.com/some/path/first-9</loc></url><url><loc>https://www.example.com/some/path/first-10</loc></url><url><loc>https://www.example.com/some/path/first-11</loc></url><url><loc>https://www.example.com/some/path/first-12</loc></url><url><loc>https://www.example.com/some/path/first-13</loc></url><url><loc>https://www.example.com/some/path/first-14</loc></url><url><loc>https://www.example.com/some/path/first-15</loc></url><url><loc>https://www.example.com/some/path/first-16</loc></url><url><loc>https://www.example.com/some/path/first-17</loc></url><url><loc>https://www.example.com/some/path/first-18</loc></url><url><loc>https://www.example.com/some/path/first-19</loc></url><url><loc>https://www.example.com/some/path/first-20</loc></url><url><loc>https://www.example.com/some/path/first-21</loc></url><url><loc>https://www.example.com/some/path/first-22</loc></url><url><loc>https://www.example.com/some/path/first-23</loc></url><url><loc>https://www.example.com/some/path/first-24</loc></url><url><loc>https://www.example.com/some/path/first-25</loc></url><url><loc>https://www.example.com/some/path/first-26</loc></url><url><loc>https://www.example.com/some/path/first-27</loc></url><url><loc>https://www.example.com/some/path/first-28</loc></url><url><loc>https://www.example.com/some/path/first-29</loc></url><url><loc>https://www.example.com/some/path/first-30</loc></url><url><loc>https://www.example.com/some/path/first-31</loc></url><url><loc>https://www.example.com/some/path/first-32</loc></url><url><loc>https://www.example.com/some/path/first-33</loc></url><url><loc>https://www.example.com/some/path/first-34</loc></url><url><loc>https://www.example.com/some/path/first-35</loc></url><url><loc>https://www.example.com/some/path/first-36</loc></url><url><loc>https://www.example.com/some/path/first-37</loc></url><url><loc>https://www.example.com/some/path/first-38</loc></url><url><loc>https://www.example.com/some/path/first-39</loc></url><url><loc>https://www.example.com/some/path/first-40</loc></url><url><loc>https://www.example.com/some/path/first-41</loc></url><url><loc>https://www.example.com/some/path/first-42</loc></url><url><loc>https://www.example.com/some/path/first-43</loc></url><url><loc>https://www.example.com/some/path/first-44</loc></url><url><loc>https://www.example.com/some/path/first-45</loc></url><url><loc>https://www.example.com/some/path/first-46</loc></url><url><loc>https://www.example.com/some/path/first-47</loc></url><url><loc>https://www.example.com/some/path/first-48</loc></url><url><loc>https://www.example.com/some/path/first-49</loc></url><url><loc>https://www.example.com/some/path/first-50</loc></url><url><loc>https://www.example.com/some/path/first-51</loc></url><url><loc>https://www.example.com/some/path/first-52</loc></url><url><loc>https://www.example.com/some/path/first-53</loc></url><url><loc>https://www.example.com/some/path/first-54</loc></url><url><loc>https://www.example.com/some/path/first-55</loc></url><url><loc>https://www.example.com/some/path/first-56</loc></url><url><loc>https://www.example.com/some/path/first-57</loc></url><url><loc>https://www.example.com/some/path/first-58</loc></url><url><loc>https://www.example.com/some/path/first-59</loc></url><url><loc>https://www.example.com/some/path/first-60</loc></url><url><loc>https://www.example.com/some/path/first-61</loc></url><url><loc>https://www.example.com/some/path/first-62</loc></url><url><loc>https://www.example.com/some/path/first-63</loc></url><url><loc>https://www.example.com/some/path/first-64</loc></url><url><loc>https://www.example.com/some/path/first-65</loc></url><url><loc>https://www.example.com/some/path/first-66</loc></url><url><loc>https://www.example.com/some/path/first-67</loc></url><url><loc>https://www.example.com/some/path/first-68</loc></url><url><loc>https://www.example.com/some/path/first-69</loc></url><url><loc>https://www.example.com/some/path/first-70</loc></url><url><loc>https://www.example.com/some/path/first-71</loc></url><url><loc>https://www.example.com/some/path/first-72</loc></url><url><loc>https://www.example.com/some/path/first-73</loc></url><url><loc>ht"`;

exports[`SitemapFileWrapper writes correctly - new empty file fetch from s3: end of file 1`] = `"th/second-11927</loc></url><url><loc>https://www.example.com/some/path/second-11928</loc></url><url><loc>https://www.example.com/some/path/second-11929</loc></url><url><loc>https://www.example.com/some/path/second-11930</loc></url><url><loc>https://www.example.com/some/path/second-11931</loc></url><url><loc>https://www.example.com/some/path/second-11932</loc></url><url><loc>https://www.example.com/some/path/second-11933</loc></url><url><loc>https://www.example.com/some/path/second-11934</loc></url><url><loc>https://www.example.com/some/path/second-11935</loc></url><url><loc>https://www.example.com/some/path/second-11936</loc></url><url><loc>https://www.example.com/some/path/second-11937</loc></url><url><loc>https://www.example.com/some/path/second-11938</loc></url><url><loc>https://www.example.com/some/path/second-11939</loc></url><url><loc>https://www.example.com/some/path/second-11940</loc></url><url><loc>https://www.example.com/some/path/second-11941</loc></url><url><loc>https://www.example.com/some/path/second-11942</loc></url><url><loc>https://www.example.com/some/path/second-11943</loc></url><url><loc>https://www.example.com/some/path/second-11944</loc></url><url><loc>https://www.example.com/some/path/second-11945</loc></url><url><loc>https://www.example.com/some/path/second-11946</loc></url><url><loc>https://www.example.com/some/path/second-11947</loc></url><url><loc>https://www.example.com/some/path/second-11948</loc></url><url><loc>https://www.example.com/some/path/second-11949</loc></url><url><loc>https://www.example.com/some/path/second-11950</loc></url><url><loc>https://www.example.com/some/path/second-11951</loc></url><url><loc>https://www.example.com/some/path/second-11952</loc></url><url><loc>https://www.example.com/some/path/second-11953</loc></url><url><loc>https://www.example.com/some/path/second-11954</loc></url><url><loc>https://www.example.com/some/path/second-11955</loc></url><url><loc>https://www.example.com/some/path/second-11956</loc></url><url><loc>https://www.example.com/some/path/second-11957</loc></url><url><loc>https://www.example.com/some/path/second-11958</loc></url><url><loc>https://www.example.com/some/path/second-11959</loc></url><url><loc>https://www.example.com/some/path/second-11960</loc></url><url><loc>https://www.example.com/some/path/second-11961</loc></url><url><loc>https://www.example.com/some/path/second-11962</loc></url><url><loc>https://www.example.com/some/path/second-11963</loc></url><url><loc>https://www.example.com/some/path/second-11964</loc></url><url><loc>https://www.example.com/some/path/second-11965</loc></url><url><loc>https://www.example.com/some/path/second-11966</loc></url><url><loc>https://www.example.com/some/path/second-11967</loc></url><url><loc>https://www.example.com/some/path/second-11968</loc></url><url><loc>https://www.example.com/some/path/second-11969</loc></url><url><loc>https://www.example.com/some/path/second-11970</loc></url><url><loc>https://www.example.com/some/path/second-11971</loc></url><url><loc>https://www.example.com/some/path/second-11972</loc></url><url><loc>https://www.example.com/some/path/second-11973</loc></url><url><loc>https://www.example.com/some/path/second-11974</loc></url><url><loc>https://www.example.com/some/path/second-11975</loc></url><url><loc>https://www.example.com/some/path/second-11976</loc></url><url><loc>https://www.example.com/some/path/second-11977</loc></url><url><loc>https://www.example.com/some/path/second-11978</loc></url><url><loc>https://www.example.com/some/path/second-11979</loc></url><url><loc>https://www.example.com/some/path/second-11980</loc></url><url><loc>https://www.example.com/some/path/second-11981</loc></url><url><loc>https://www.example.com/some/path/second-11982</loc></url><url><loc>https://www.example.com/some/path/second-11983</loc></url><url><loc>https://www.example.com/some/path/second-11984</loc></url><url><loc>https://www.example.com/some/path/second-11985</loc></url><url><loc>https://www.example.com/some/path/second-11986</loc></url><url><loc>https://www.example.com/some/path/second-11987</loc></url><url><loc>https://www.example.com/some/path/second-11988</loc></url><url><loc>https://www.example.com/some/path/second-11989</loc></url><url><loc>https://www.example.com/some/path/second-11990</loc></url><url><loc>https://www.example.com/some/path/second-11991</loc></url><url><loc>https://www.example.com/some/path/second-11992</loc></url><url><loc>https://www.example.com/some/path/second-11993</loc></url><url><loc>https://www.example.com/some/path/second-11994</loc></url><url><loc>https://www.example.com/some/path/second-11995</loc></url><url><loc>https://www.example.com/some/path/second-11996</loc></url><url><loc>https://www.example.com/some/path/second-11997</loc></url><url><loc>https://www.example.com/some/path/second-11998</loc></url><url><loc>https://www.example.com/some/path/second-11999</loc></url><url><loc>https://www.example.com/some/path/second-12000</loc></url></urlset>"`;

exports[`SitemapFileWrapper writes correctly - new empty file fetch from s3: start of file 1`] = `"<?xml version="1.0" encoding="UTF-8"?><urlset xmlns="http://www.sitemaps.org/schemas/sitemap/0.9" xmlns:news="http://www.google.com/schemas/sitemap-news/0.9" xmlns:xhtml="http://www.w3.org/1999/xhtml" xmlns:image="http://www.google.com/schemas/sitemap-image/1.1" xmlns:video="http://www.google.com/schemas/sitemap-video/1.1"><url><loc>https://www.example.com/some/path/first-1</loc></url><url><loc>https://www.example.com/some/path/first-2</loc></url><url><loc>https://www.example.com/some/path/first-3</loc></url><url><loc>https://www.example.com/some/path/first-4</loc></url><url><loc>https://www.example.com/some/path/first-5</loc></url><url><loc>https://www.example.com/some/path/first-6</loc></url><url><loc>https://www.example.com/some/path/first-7</loc></url><url><loc>https://www.example.com/some/path/first-8</loc></url><url><loc>https://www.example.com/some/path/first-9</loc></url><url><loc>https://www.example.com/some/path/first-10</loc></url><url><loc>https://www.example.com/some/path/first-11</loc></url><url><loc>https://www.example.com/some/path/first-12</loc></url><url><loc>https://www.example.com/some/path/first-13</loc></url><url><loc>https://www.example.com/some/path/first-14</loc></url><url><loc>https://www.example.com/some/path/first-15</loc></url><url><loc>https://www.example.com/some/path/first-16</loc></url><url><loc>https://www.example.com/some/path/first-17</loc></url><url><loc>https://www.example.com/some/path/first-18</loc></url><url><loc>https://www.example.com/some/path/first-19</loc></url><url><loc>https://www.example.com/some/path/first-20</loc></url><url><loc>https://www.example.com/some/path/first-21</loc></url><url><loc>https://www.example.com/some/path/first-22</loc></url><url><loc>https://www.example.com/some/path/first-23</loc></url><url><loc>https://www.example.com/some/path/first-24</loc></url><url><loc>https://www.example.com/some/path/first-25</loc></url><url><loc>https://www.example.com/some/path/first-26</loc></url><url><loc>https://www.example.com/some/path/first-27</loc></url><url><loc>https://www.example.com/some/path/first-28</loc></url><url><loc>https://www.example.com/some/path/first-29</loc></url><url><loc>https://www.example.com/some/path/first-30</loc></url><url><loc>https://www.example.com/some/path/first-31</loc></url><url><loc>https://www.example.com/some/path/first-32</loc></url><url><loc>https://www.example.com/some/path/first-33</loc></url><url><loc>https://www.example.com/some/path/first-34</loc></url><url><loc>https://www.example.com/some/path/first-35</loc></url><url><loc>https://www.example.com/some/path/first-36</loc></url><url><loc>https://www.example.com/some/path/first-37</loc></url><url><loc>https://www.example.com/some/path/first-38</loc></url><url><loc>https://www.example.com/some/path/first-39</loc></url><url><loc>https://www.example.com/some/path/first-40</loc></url><url><loc>https://www.example.com/some/path/first-41</loc></url><url><loc>https://www.example.com/some/path/first-42</loc></url><url><loc>https://www.example.com/some/path/first-43</loc></url><url><loc>https://www.example.com/some/path/first-44</loc></url><url><loc>https://www.example.com/some/path/first-45</loc></url><url><loc>https://www.example.com/some/path/first-46</loc></url><url><loc>https://www.example.com/some/path/first-47</loc></url><url><loc>https://www.example.com/some/path/first-48</loc></url><url><loc>https://www.example.com/some/path/first-49</loc></url><url><loc>https://www.example.com/some/path/first-50</loc></url><url><loc>https://www.example.com/some/path/first-51</loc></url><url><loc>https://www.example.com/some/path/first-52</loc></url><url><loc>https://www.example.com/some/path/first-53</loc></url><url><loc>https://www.example.com/some/path/first-54</loc></url><url><loc>https://www.example.com/some/path/first-55</loc></url><url><loc>https://www.example.com/some/path/first-56</loc></url><url><loc>https://www.example.com/some/path/first-57</loc></url><url><loc>https://www.example.com/some/path/first-58</loc></url><url><loc>https://www.example.com/some/path/first-59</loc></url><url><loc>https://www.example.com/some/path/first-60</loc></url><url><loc>https://www.example.com/some/path/first-61</loc></url><url><loc>https://www.example.com/some/path/first-62</loc></url><url><loc>https://www.example.com/some/path/first-63</loc></url><url><loc>https://www.example.com/some/path/first-64</loc></url><url><loc>https://www.example.com/some/path/first-65</loc></url><url><loc>https://www.example.com/some/path/first-66</loc></url><url><loc>https://www.example.com/some/path/first-67</loc></url><url><loc>https://www.example.com/some/path/first-68</loc></url><url><loc>https://www.example.com/some/path/first-69</loc></url><url><loc>https://www.example.com/some/path/first-70</loc></url><url><loc>https://www.example.com/some/path/first-71</loc></url><url><loc>https://www.example.com/some/path/first-72</loc></url><url><loc>https://www.example.com/some/path/first-73</loc></url><url><loc>ht"`;

exports[`SitemapFileWrapper writes correctly 1`] = `"<?xml version="1.0" encoding="UTF-8"?><urlset xmlns="http://www.sitemaps.org/schemas/sitemap/0.9" xmlns:news="http://www.google.com/schemas/sitemap-news/0.9" xmlns:xhtml="http://www.w3.org/1999/xhtml" xmlns:image="http://www.google.com/schemas/sitemap-image/1.1" xmlns:video="http://www.google.com/schemas/sitemap-video/1.1"><url><loc>https://www.example.com/some/path/1</loc></url><url><loc>https://www.example.com/some/path/2</loc></url><url><loc>https://www.example.com/some/path/3</loc></url><url><loc>https://www.example.com/some/path/4</loc></url><url><loc>https://www.example.com/some/path/5</loc></url><url><loc>https://www.example.com/some/path/6</loc></url><url><loc>https://www.example.com/some/path/7</loc></url><url><loc>https://www.example.com/some/path/8</loc></url><url><loc>https://www.example.com/some/path/9</loc></url><url><loc>https://www.example.com/some/path/10</loc></url><url><loc>https://www.example.com/some/path/11</loc></url><url><loc>https://www.example.com/some/path/12"`;

exports[`SitemapFileWrapper writes correctly 2`] = `
[
  {
    "url": "/some/path/1",
  },
  {
    "url": "/some/path/2",
  },
  {
    "url": "/some/path/3",
  },
  {
    "url": "/some/path/4",
  },
  {
    "url": "/some/path/5",
  },
  {
    "url": "/some/path/6",
  },
  {
    "url": "/some/path/7",
  },
  {
    "url": "/some/path/8",
  },
  {
    "url": "/some/path/9",
  },
  {
    "url": "/some/path/10",
  },
]
`;
