// Jest Snapshot v1, https://goo.gl/fbAQLP

exports[`upload-to-s3 uploads locale files without modification 1`] = `
"<?xml version="1.0" encoding="UTF-8"?>
<sitemapindex xmlns="http://www.sitemaps.org/schemas/sitemap/0.9">
  <sitemap>
    <loc>http://www.example.com/data/sitemap1.xml.gz</loc>
    <lastmod>2004-10-01T18:23:17+00:00</lastmod>
  </sitemap>
  <sitemap>
    <loc>http://www.example.com/data/sitemap2.xml.gz</loc>
    <lastmod>2005-01-01</lastmod>
  </sitemap>
</sitemapindex>"
`;

exports[`upload-to-s3 uploads locale files without modification 2`] = `
"<?xml version="1.0" encoding="UTF-8"?>
<urlset xmlns="http://www.sitemaps.org/schemas/sitemap/0.9">
  <url>
    <loc>http://www.example.com/foo1.html</loc>
    <lastmod>2005-01-01</lastmod>
    <changefreq>monthly</changefreq>
    <priority>0.8</priority>
  </url>
  <url>
    <loc>http://www.example.com/bar1.html</loc>
    <lastmod>2005-01-01</lastmod>
    <changefreq>monthly</changefreq>
    <priority>0.8</priority>
  </url>
</urlset>"
`;
